Archive member included to satisfy reference by file (symbol)

e:/microchip/7.0/toolchain/avr8/avr8-gnu-toolchain/bin/../lib/gcc/avr/5.4.0/avr5\libgcc.a(_udivmodsi4.o)
                              APP/Lighting_APP.o (__udivmodsi4)
e:/microchip/7.0/toolchain/avr8/avr8-gnu-toolchain/bin/../lib/gcc/avr/5.4.0/avr5\libgcc.a(_divmodsi4.o)
                              HAL/LCD.o (__divmodsi4)
e:/microchip/7.0/toolchain/avr8/avr8-gnu-toolchain/bin/../lib/gcc/avr/5.4.0/avr5\libgcc.a(_negsi2.o)
                              e:/microchip/7.0/toolchain/avr8/avr8-gnu-toolchain/bin/../lib/gcc/avr/5.4.0/avr5\libgcc.a(_divmodsi4.o) (__negsi2)
e:/microchip/7.0/toolchain/avr8/avr8-gnu-toolchain/bin/../lib/gcc/avr/5.4.0/avr5\libgcc.a(_exit.o)
                              E:/Microchip/7.0/Packs/atmel/ATmega_DFP/1.7.374/gcc/dev/atmega32/avr5/crtatmega32.o (exit)
e:/microchip/7.0/toolchain/avr8/avr8-gnu-toolchain/bin/../lib/gcc/avr/5.4.0/avr5\libgcc.a(_copy_data.o)
                              APP/Lighting_APP.o (__do_copy_data)
e:/microchip/7.0/toolchain/avr8/avr8-gnu-toolchain/bin/../lib/gcc/avr/5.4.0/avr5\libgcc.a(_clear_bss.o)
                              APP/Lighting_APP.o (__do_clear_bss)
e:/microchip/7.0/toolchain/avr8/avr8-gnu-toolchain/bin/../lib/gcc/avr/5.4.0/avr5\libgcc.a(_umulhisi3.o)
                              HAL/LCD.o (__umulhisi3)

Allocating common symbols
Common symbol       size              file

time_in_seconds     0x4               APP/Lighting_APP.o

Discarded input sections

 .data          0x00000000        0x0 E:/Microchip/7.0/Packs/atmel/ATmega_DFP/1.7.374/gcc/dev/atmega32/avr5/crtatmega32.o
 .bss           0x00000000        0x0 E:/Microchip/7.0/Packs/atmel/ATmega_DFP/1.7.374/gcc/dev/atmega32/avr5/crtatmega32.o
 .text          0x00000000        0x0 APP/Lighting_APP.o
 .data          0x00000000        0x0 APP/Lighting_APP.o
 .bss           0x00000000        0x0 APP/Lighting_APP.o
 .text          0x00000000        0x0 APP/Password_APP.o
 .data          0x00000000        0x0 APP/Password_APP.o
 .bss           0x00000000        0x0 APP/Password_APP.o
 .text.Change_Password
                0x00000000       0xb8 APP/Password_APP.o
 .text          0x00000000        0x0 CFG/DIO_Cfg.o
 .data          0x00000000        0x0 CFG/DIO_Cfg.o
 .bss           0x00000000        0x0 CFG/DIO_Cfg.o
 .text          0x00000000        0x0 HAL/BUZZER.o
 .data          0x00000000        0x0 HAL/BUZZER.o
 .bss           0x00000000        0x0 HAL/BUZZER.o
 .text.BUZZER_ON
                0x00000000        0xa HAL/BUZZER.o
 .text.BUZZER_OFF
                0x00000000        0xa HAL/BUZZER.o
 .debug_info    0x00000000      0x1ab HAL/BUZZER.o
 .debug_abbrev  0x00000000       0x85 HAL/BUZZER.o
 .debug_aranges
                0x00000000       0x28 HAL/BUZZER.o
 .debug_ranges  0x00000000       0x18 HAL/BUZZER.o
 .debug_line    0x00000000       0x74 HAL/BUZZER.o
 .debug_str     0x00000000      0x238 HAL/BUZZER.o
 .comment       0x00000000       0x31 HAL/BUZZER.o
 .debug_frame   0x00000000       0x34 HAL/BUZZER.o
 .text          0x00000000        0x0 HAL/KEYPAD.o
 .data          0x00000000        0x0 HAL/KEYPAD.o
 .bss           0x00000000        0x0 HAL/KEYPAD.o
 .text          0x00000000        0x0 HAL/LCD.o
 .data          0x00000000        0x0 HAL/LCD.o
 .bss           0x00000000        0x0 HAL/LCD.o
 .text.LCD_WriteNumber
                0x00000000       0xd0 HAL/LCD.o
 .text.LCD_WriteBinary
                0x00000000       0x2e HAL/LCD.o
 .text.LCD_ClearLoc
                0x00000000       0x20 HAL/LCD.o
 .text.LCD_WriteNumber_3D
                0x00000000      0x142 HAL/LCD.o
 .text.LCD_CustomChar
                0x00000000       0x3a HAL/LCD.o
 .text.LCD_Print_Bar
                0x00000000        0x8 HAL/LCD.o
 .text          0x00000000        0x0 HAL/LED.o
 .data          0x00000000        0x0 HAL/LED.o
 .bss           0x00000000        0x0 HAL/LED.o
 .text.LED_Init_interrupts
                0x00000000       0x2c HAL/LED.o
 .text.LED_AllOn
                0x00000000       0x16 HAL/LED.o
 .text.LED_OnMultiple
                0x00000000       0x26 HAL/LED.o
 .text.LED_OffMultiple
                0x00000000       0x26 HAL/LED.o
 .text.LED_AllOff
                0x00000000       0x16 HAL/LED.o
 .text          0x00000000        0x0 HAL/MOTOR.o
 .data          0x00000000        0x0 HAL/MOTOR.o
 .bss           0x00000000        0x0 HAL/MOTOR.o
 .text.MOTOR_Stop
                0x00000000       0x14 HAL/MOTOR.o
 .text.MOTOR_CounterClock
                0x00000000       0x14 HAL/MOTOR.o
 .text          0x00000000        0x0 HAL/Sensors.o
 .data          0x00000000        0x0 HAL/Sensors.o
 .bss           0x00000000        0x0 HAL/Sensors.o
 .text.POT_Read
                0x00000000       0x20 HAL/Sensors.o
 .text.TEMP_Read
                0x00000000       0x1e HAL/Sensors.o
 .debug_info    0x00000000      0x161 HAL/Sensors.o
 .debug_abbrev  0x00000000       0xb8 HAL/Sensors.o
 .debug_loc     0x00000000       0x67 HAL/Sensors.o
 .debug_aranges
                0x00000000       0x28 HAL/Sensors.o
 .debug_ranges  0x00000000       0x18 HAL/Sensors.o
 .debug_line    0x00000000       0x9c HAL/Sensors.o
 .debug_str     0x00000000      0x1a2 HAL/Sensors.o
 .comment       0x00000000       0x31 HAL/Sensors.o
 .debug_frame   0x00000000       0x34 HAL/Sensors.o
 .text          0x00000000        0x0 HAL/SEV_SEG.o
 .data          0x00000000        0x0 HAL/SEV_SEG.o
 .bss           0x00000000        0x0 HAL/SEV_SEG.o
 .text.SEV_SEG_Write
                0x00000000       0xf8 HAL/SEV_SEG.o
 .rodata.segmentARR
                0x00000000        0xa HAL/SEV_SEG.o
 .debug_info    0x00000000      0x36f HAL/SEV_SEG.o
 .debug_abbrev  0x00000000       0xe5 HAL/SEV_SEG.o
 .debug_loc     0x00000000       0xfc HAL/SEV_SEG.o
 .debug_aranges
                0x00000000       0x20 HAL/SEV_SEG.o
 .debug_ranges  0x00000000       0x10 HAL/SEV_SEG.o
 .debug_line    0x00000000      0x125 HAL/SEV_SEG.o
 .debug_str     0x00000000      0x277 HAL/SEV_SEG.o
 .comment       0x00000000       0x31 HAL/SEV_SEG.o
 .debug_frame   0x00000000       0x2c HAL/SEV_SEG.o
 .text          0x00000000        0x0 main.o
 .data          0x00000000        0x0 main.o
 .bss           0x00000000        0x0 main.o
 .bss.x         0x00000000        0x4 main.o
 .text          0x00000000        0x0 MCAL/ADC.o
 .data          0x00000000        0x0 MCAL/ADC.o
 .bss           0x00000000        0x0 MCAL/ADC.o
 .text.ADC_Init
                0x00000000       0x4a MCAL/ADC.o
 .text.ADC_Read
                0x00000000       0x1c MCAL/ADC.o
 .text.ADC_ReadVolt
                0x00000000       0x26 MCAL/ADC.o
 .debug_info    0x00000000      0x1e1 MCAL/ADC.o
 .debug_abbrev  0x00000000       0xe7 MCAL/ADC.o
 .debug_loc     0x00000000       0xeb MCAL/ADC.o
 .debug_aranges
                0x00000000       0x30 MCAL/ADC.o
 .debug_ranges  0x00000000       0x20 MCAL/ADC.o
 .debug_line    0x00000000      0x108 MCAL/ADC.o
 .debug_str     0x00000000      0x255 MCAL/ADC.o
 .comment       0x00000000       0x31 MCAL/ADC.o
 .debug_frame   0x00000000       0x44 MCAL/ADC.o
 .text          0x00000000        0x0 MCAL/DIO.o
 .data          0x00000000        0x0 MCAL/DIO.o
 .bss           0x00000000        0x0 MCAL/DIO.o
 .text.DIO_InitPortPin
                0x00000000      0x1c0 MCAL/DIO.o
 .text.DIO_WritePortPin
                0x00000000       0xe2 MCAL/DIO.o
 .text.DIO_WritePort
                0x00000000       0x20 MCAL/DIO.o
 .text          0x00000000        0x0 MCAL/EX_Interrupt.o
 .data          0x00000000        0x0 MCAL/EX_Interrupt.o
 .bss           0x00000000        0x0 MCAL/EX_Interrupt.o
 .text.EXI_Disable
                0x00000000       0x24 MCAL/EX_Interrupt.o
 .text.EXI_Init
                0x00000000       0x1a MCAL/EX_Interrupt.o
 .text          0x00000000        0x0 MCAL/Timers.o
 .data          0x00000000        0x0 MCAL/Timers.o
 .bss           0x00000000        0x0 MCAL/Timers.o
 .text.TIMER0_Init
                0x00000000       0x54 MCAL/Timers.o
 .text.TIMER0_OC0Mode
                0x00000000       0x48 MCAL/Timers.o
 .text.TIMER0_OVF_InterruptEnable
                0x00000000        0x8 MCAL/Timers.o
 .text.TIMER0_OVF_InterruptDisable
                0x00000000        0x8 MCAL/Timers.o
 .text.TIMER0_OC_InterruptEnable
                0x00000000        0x8 MCAL/Timers.o
 .text.TIMER0_OC_InterruptDisable
                0x00000000        0x8 MCAL/Timers.o
 .text.Timer0_OVF_SetCallBack
                0x00000000        0x2 MCAL/Timers.o
 .text.Timer0_OC_SetCallBack
                0x00000000        0x2 MCAL/Timers.o
 .text.Timer1_OCRA1Mode
                0x00000000       0x48 MCAL/Timers.o
 .text.Timer1_OCRB1Mode
                0x00000000       0x48 MCAL/Timers.o
 .text.Timer1_InputCaptureEdge
                0x00000000       0x18 MCAL/Timers.o
 .text.Timer1_ICU_InterruptEnable
                0x00000000        0x8 MCAL/Timers.o
 .text.Timer1_ICU_InterruptDisable
                0x00000000        0x8 MCAL/Timers.o
 .text.Timer1_OVF_InterruptEnable
                0x00000000        0x8 MCAL/Timers.o
 .text.Timer1_OVF_InterruptDisable
                0x00000000        0x8 MCAL/Timers.o
 .text.Timer1_OCA_InterruptDisable
                0x00000000        0x8 MCAL/Timers.o
 .text.Timer1_OCB_InterruptEnable
                0x00000000        0x8 MCAL/Timers.o
 .text.Timer1_OCB_InterruptDisable
                0x00000000        0x8 MCAL/Timers.o
 .text.Timer1_OVF_SetCallBack
                0x00000000        0xa MCAL/Timers.o
 .text.Timer1_OCB_SetCallBack
                0x00000000        0xa MCAL/Timers.o
 .text.Timer1_ICU_SetCallBack
                0x00000000        0xa MCAL/Timers.o
 .text.TIMER2_Init
                0x00000000       0x54 MCAL/Timers.o
 .text.TIMER2_OC0Mode
                0x00000000       0x48 MCAL/Timers.o
 .text.TIMER2_OVF_InterruptEnable
                0x00000000        0x8 MCAL/Timers.o
 .text.TIMER2_OVF_InterruptDisable
                0x00000000        0x8 MCAL/Timers.o
 .text.TIMER2_OC_InterruptEnable
                0x00000000        0x8 MCAL/Timers.o
 .text.TIMER2_OC_InterruptDisable
                0x00000000        0x8 MCAL/Timers.o
 .text.Timer2_OVF_SetCallBack
                0x00000000        0xa MCAL/Timers.o
 .text.Timer2_OC_SetCallBack
                0x00000000        0xa MCAL/Timers.o
 .text          0x00000000        0x0 SERVICES/Timers_Services.o
 .data          0x00000000        0x0 SERVICES/Timers_Services.o
 .bss           0x00000000        0x0 SERVICES/Timers_Services.o
 .text.Timer_reading
                0x00000000       0x16 SERVICES/Timers_Services.o
 .text.millis   0x00000000       0x28 SERVICES/Timers_Services.o
 .text.TIMER1_Pwm_Freq_HZ
                0x00000000       0x2c SERVICES/Timers_Services.o
 .text.TIMER1_Pwm_Duty
                0x00000000       0x7a SERVICES/Timers_Services.o
 .text.TIMER2_Pwm_Duty
                0x00000000       0x30 SERVICES/Timers_Services.o
 .text.TIMER0_Pwm_Duty
                0x00000000       0x30 SERVICES/Timers_Services.o
 .text.Timer1_SetInterruptTime_ms
                0x00000000       0x40 SERVICES/Timers_Services.o
 .bss.time_in_millis
                0x00000000        0x4 SERVICES/Timers_Services.o
 .text          0x00000000        0x0 e:/microchip/7.0/toolchain/avr8/avr8-gnu-toolchain/bin/../lib/gcc/avr/5.4.0/avr5\libgcc.a(_udivmodsi4.o)
 .data          0x00000000        0x0 e:/microchip/7.0/toolchain/avr8/avr8-gnu-toolchain/bin/../lib/gcc/avr/5.4.0/avr5\libgcc.a(_udivmodsi4.o)
 .bss           0x00000000        0x0 e:/microchip/7.0/toolchain/avr8/avr8-gnu-toolchain/bin/../lib/gcc/avr/5.4.0/avr5\libgcc.a(_udivmodsi4.o)
 .text.libgcc.mul
                0x00000000        0x0 e:/microchip/7.0/toolchain/avr8/avr8-gnu-toolchain/bin/../lib/gcc/avr/5.4.0/avr5\libgcc.a(_udivmodsi4.o)
 .text.libgcc   0x00000000        0x0 e:/microchip/7.0/toolchain/avr8/avr8-gnu-toolchain/bin/../lib/gcc/avr/5.4.0/avr5\libgcc.a(_udivmodsi4.o)
 .text.libgcc.prologue
                0x00000000        0x0 e:/microchip/7.0/toolchain/avr8/avr8-gnu-toolchain/bin/../lib/gcc/avr/5.4.0/avr5\libgcc.a(_udivmodsi4.o)
 .text.libgcc.builtins
                0x00000000        0x0 e:/microchip/7.0/toolchain/avr8/avr8-gnu-toolchain/bin/../lib/gcc/avr/5.4.0/avr5\libgcc.a(_udivmodsi4.o)
 .text.libgcc.fmul
                0x00000000        0x0 e:/microchip/7.0/toolchain/avr8/avr8-gnu-toolchain/bin/../lib/gcc/avr/5.4.0/avr5\libgcc.a(_udivmodsi4.o)
 .text.libgcc.fixed
                0x00000000        0x0 e:/microchip/7.0/toolchain/avr8/avr8-gnu-toolchain/bin/../lib/gcc/avr/5.4.0/avr5\libgcc.a(_udivmodsi4.o)
 .text          0x00000000        0x0 e:/microchip/7.0/toolchain/avr8/avr8-gnu-toolchain/bin/../lib/gcc/avr/5.4.0/avr5\libgcc.a(_divmodsi4.o)
 .data          0x00000000        0x0 e:/microchip/7.0/toolchain/avr8/avr8-gnu-toolchain/bin/../lib/gcc/avr/5.4.0/avr5\libgcc.a(_divmodsi4.o)
 .bss           0x00000000        0x0 e:/microchip/7.0/toolchain/avr8/avr8-gnu-toolchain/bin/../lib/gcc/avr/5.4.0/avr5\libgcc.a(_divmodsi4.o)
 .text.libgcc.mul
                0x00000000        0x0 e:/microchip/7.0/toolchain/avr8/avr8-gnu-toolchain/bin/../lib/gcc/avr/5.4.0/avr5\libgcc.a(_divmodsi4.o)
 .text.libgcc.div
                0x00000000       0x2e e:/microchip/7.0/toolchain/avr8/avr8-gnu-toolchain/bin/../lib/gcc/avr/5.4.0/avr5\libgcc.a(_divmodsi4.o)
 .text.libgcc   0x00000000        0x0 e:/microchip/7.0/toolchain/avr8/avr8-gnu-toolchain/bin/../lib/gcc/avr/5.4.0/avr5\libgcc.a(_divmodsi4.o)
 .text.libgcc.prologue
                0x00000000        0x0 e:/microchip/7.0/toolchain/avr8/avr8-gnu-toolchain/bin/../lib/gcc/avr/5.4.0/avr5\libgcc.a(_divmodsi4.o)
 .text.libgcc.builtins
                0x00000000        0x0 e:/microchip/7.0/toolchain/avr8/avr8-gnu-toolchain/bin/../lib/gcc/avr/5.4.0/avr5\libgcc.a(_divmodsi4.o)
 .text.libgcc.fmul
                0x00000000        0x0 e:/microchip/7.0/toolchain/avr8/avr8-gnu-toolchain/bin/../lib/gcc/avr/5.4.0/avr5\libgcc.a(_divmodsi4.o)
 .text.libgcc.fixed
                0x00000000        0x0 e:/microchip/7.0/toolchain/avr8/avr8-gnu-toolchain/bin/../lib/gcc/avr/5.4.0/avr5\libgcc.a(_divmodsi4.o)
 .text          0x00000000        0x0 e:/microchip/7.0/toolchain/avr8/avr8-gnu-toolchain/bin/../lib/gcc/avr/5.4.0/avr5\libgcc.a(_negsi2.o)
 .data          0x00000000        0x0 e:/microchip/7.0/toolchain/avr8/avr8-gnu-toolchain/bin/../lib/gcc/avr/5.4.0/avr5\libgcc.a(_negsi2.o)
 .bss           0x00000000        0x0 e:/microchip/7.0/toolchain/avr8/avr8-gnu-toolchain/bin/../lib/gcc/avr/5.4.0/avr5\libgcc.a(_negsi2.o)
 .text.libgcc.mul
                0x00000000        0x0 e:/microchip/7.0/toolchain/avr8/avr8-gnu-toolchain/bin/../lib/gcc/avr/5.4.0/avr5\libgcc.a(_negsi2.o)
 .text.libgcc.div
                0x00000000       0x10 e:/microchip/7.0/toolchain/avr8/avr8-gnu-toolchain/bin/../lib/gcc/avr/5.4.0/avr5\libgcc.a(_negsi2.o)
 .text.libgcc   0x00000000        0x0 e:/microchip/7.0/toolchain/avr8/avr8-gnu-toolchain/bin/../lib/gcc/avr/5.4.0/avr5\libgcc.a(_negsi2.o)
 .text.libgcc.prologue
                0x00000000        0x0 e:/microchip/7.0/toolchain/avr8/avr8-gnu-toolchain/bin/../lib/gcc/avr/5.4.0/avr5\libgcc.a(_negsi2.o)
 .text.libgcc.builtins
                0x00000000        0x0 e:/microchip/7.0/toolchain/avr8/avr8-gnu-toolchain/bin/../lib/gcc/avr/5.4.0/avr5\libgcc.a(_negsi2.o)
 .text.libgcc.fmul
                0x00000000        0x0 e:/microchip/7.0/toolchain/avr8/avr8-gnu-toolchain/bin/../lib/gcc/avr/5.4.0/avr5\libgcc.a(_negsi2.o)
 .text.libgcc.fixed
                0x00000000        0x0 e:/microchip/7.0/toolchain/avr8/avr8-gnu-toolchain/bin/../lib/gcc/avr/5.4.0/avr5\libgcc.a(_negsi2.o)
 .text          0x00000000        0x0 e:/microchip/7.0/toolchain/avr8/avr8-gnu-toolchain/bin/../lib/gcc/avr/5.4.0/avr5\libgcc.a(_exit.o)
 .data          0x00000000        0x0 e:/microchip/7.0/toolchain/avr8/avr8-gnu-toolchain/bin/../lib/gcc/avr/5.4.0/avr5\libgcc.a(_exit.o)
 .bss           0x00000000        0x0 e:/microchip/7.0/toolchain/avr8/avr8-gnu-toolchain/bin/../lib/gcc/avr/5.4.0/avr5\libgcc.a(_exit.o)
 .text.libgcc.mul
                0x00000000        0x0 e:/microchip/7.0/toolchain/avr8/avr8-gnu-toolchain/bin/../lib/gcc/avr/5.4.0/avr5\libgcc.a(_exit.o)
 .text.libgcc.div
                0x00000000        0x0 e:/microchip/7.0/toolchain/avr8/avr8-gnu-toolchain/bin/../lib/gcc/avr/5.4.0/avr5\libgcc.a(_exit.o)
 .text.libgcc   0x00000000        0x0 e:/microchip/7.0/toolchain/avr8/avr8-gnu-toolchain/bin/../lib/gcc/avr/5.4.0/avr5\libgcc.a(_exit.o)
 .text.libgcc.prologue
                0x00000000        0x0 e:/microchip/7.0/toolchain/avr8/avr8-gnu-toolchain/bin/../lib/gcc/avr/5.4.0/avr5\libgcc.a(_exit.o)
 .text.libgcc.builtins
                0x00000000        0x0 e:/microchip/7.0/toolchain/avr8/avr8-gnu-toolchain/bin/../lib/gcc/avr/5.4.0/avr5\libgcc.a(_exit.o)
 .text.libgcc.fmul
                0x00000000        0x0 e:/microchip/7.0/toolchain/avr8/avr8-gnu-toolchain/bin/../lib/gcc/avr/5.4.0/avr5\libgcc.a(_exit.o)
 .text.libgcc.fixed
                0x00000000        0x0 e:/microchip/7.0/toolchain/avr8/avr8-gnu-toolchain/bin/../lib/gcc/avr/5.4.0/avr5\libgcc.a(_exit.o)
 .text          0x00000000        0x0 e:/microchip/7.0/toolchain/avr8/avr8-gnu-toolchain/bin/../lib/gcc/avr/5.4.0/avr5\libgcc.a(_copy_data.o)
 .data          0x00000000        0x0 e:/microchip/7.0/toolchain/avr8/avr8-gnu-toolchain/bin/../lib/gcc/avr/5.4.0/avr5\libgcc.a(_copy_data.o)
 .bss           0x00000000        0x0 e:/microchip/7.0/toolchain/avr8/avr8-gnu-toolchain/bin/../lib/gcc/avr/5.4.0/avr5\libgcc.a(_copy_data.o)
 .text.libgcc.mul
                0x00000000        0x0 e:/microchip/7.0/toolchain/avr8/avr8-gnu-toolchain/bin/../lib/gcc/avr/5.4.0/avr5\libgcc.a(_copy_data.o)
 .text.libgcc.div
                0x00000000        0x0 e:/microchip/7.0/toolchain/avr8/avr8-gnu-toolchain/bin/../lib/gcc/avr/5.4.0/avr5\libgcc.a(_copy_data.o)
 .text.libgcc   0x00000000        0x0 e:/microchip/7.0/toolchain/avr8/avr8-gnu-toolchain/bin/../lib/gcc/avr/5.4.0/avr5\libgcc.a(_copy_data.o)
 .text.libgcc.prologue
                0x00000000        0x0 e:/microchip/7.0/toolchain/avr8/avr8-gnu-toolchain/bin/../lib/gcc/avr/5.4.0/avr5\libgcc.a(_copy_data.o)
 .text.libgcc.builtins
                0x00000000        0x0 e:/microchip/7.0/toolchain/avr8/avr8-gnu-toolchain/bin/../lib/gcc/avr/5.4.0/avr5\libgcc.a(_copy_data.o)
 .text.libgcc.fmul
                0x00000000        0x0 e:/microchip/7.0/toolchain/avr8/avr8-gnu-toolchain/bin/../lib/gcc/avr/5.4.0/avr5\libgcc.a(_copy_data.o)
 .text.libgcc.fixed
                0x00000000        0x0 e:/microchip/7.0/toolchain/avr8/avr8-gnu-toolchain/bin/../lib/gcc/avr/5.4.0/avr5\libgcc.a(_copy_data.o)
 .text          0x00000000        0x0 e:/microchip/7.0/toolchain/avr8/avr8-gnu-toolchain/bin/../lib/gcc/avr/5.4.0/avr5\libgcc.a(_clear_bss.o)
 .data          0x00000000        0x0 e:/microchip/7.0/toolchain/avr8/avr8-gnu-toolchain/bin/../lib/gcc/avr/5.4.0/avr5\libgcc.a(_clear_bss.o)
 .bss           0x00000000        0x0 e:/microchip/7.0/toolchain/avr8/avr8-gnu-toolchain/bin/../lib/gcc/avr/5.4.0/avr5\libgcc.a(_clear_bss.o)
 .text.libgcc.mul
                0x00000000        0x0 e:/microchip/7.0/toolchain/avr8/avr8-gnu-toolchain/bin/../lib/gcc/avr/5.4.0/avr5\libgcc.a(_clear_bss.o)
 .text.libgcc.div
                0x00000000        0x0 e:/microchip/7.0/toolchain/avr8/avr8-gnu-toolchain/bin/../lib/gcc/avr/5.4.0/avr5\libgcc.a(_clear_bss.o)
 .text.libgcc   0x00000000        0x0 e:/microchip/7.0/toolchain/avr8/avr8-gnu-toolchain/bin/../lib/gcc/avr/5.4.0/avr5\libgcc.a(_clear_bss.o)
 .text.libgcc.prologue
                0x00000000        0x0 e:/microchip/7.0/toolchain/avr8/avr8-gnu-toolchain/bin/../lib/gcc/avr/5.4.0/avr5\libgcc.a(_clear_bss.o)
 .text.libgcc.builtins
                0x00000000        0x0 e:/microchip/7.0/toolchain/avr8/avr8-gnu-toolchain/bin/../lib/gcc/avr/5.4.0/avr5\libgcc.a(_clear_bss.o)
 .text.libgcc.fmul
                0x00000000        0x0 e:/microchip/7.0/toolchain/avr8/avr8-gnu-toolchain/bin/../lib/gcc/avr/5.4.0/avr5\libgcc.a(_clear_bss.o)
 .text.libgcc.fixed
                0x00000000        0x0 e:/microchip/7.0/toolchain/avr8/avr8-gnu-toolchain/bin/../lib/gcc/avr/5.4.0/avr5\libgcc.a(_clear_bss.o)
 .text          0x00000000        0x0 e:/microchip/7.0/toolchain/avr8/avr8-gnu-toolchain/bin/../lib/gcc/avr/5.4.0/avr5\libgcc.a(_umulhisi3.o)
 .data          0x00000000        0x0 e:/microchip/7.0/toolchain/avr8/avr8-gnu-toolchain/bin/../lib/gcc/avr/5.4.0/avr5\libgcc.a(_umulhisi3.o)
 .bss           0x00000000        0x0 e:/microchip/7.0/toolchain/avr8/avr8-gnu-toolchain/bin/../lib/gcc/avr/5.4.0/avr5\libgcc.a(_umulhisi3.o)
 .text.libgcc.mul
                0x00000000       0x1e e:/microchip/7.0/toolchain/avr8/avr8-gnu-toolchain/bin/../lib/gcc/avr/5.4.0/avr5\libgcc.a(_umulhisi3.o)
 .text.libgcc.div
                0x00000000        0x0 e:/microchip/7.0/toolchain/avr8/avr8-gnu-toolchain/bin/../lib/gcc/avr/5.4.0/avr5\libgcc.a(_umulhisi3.o)
 .text.libgcc   0x00000000        0x0 e:/microchip/7.0/toolchain/avr8/avr8-gnu-toolchain/bin/../lib/gcc/avr/5.4.0/avr5\libgcc.a(_umulhisi3.o)
 .text.libgcc.prologue
                0x00000000        0x0 e:/microchip/7.0/toolchain/avr8/avr8-gnu-toolchain/bin/../lib/gcc/avr/5.4.0/avr5\libgcc.a(_umulhisi3.o)
 .text.libgcc.builtins
                0x00000000        0x0 e:/microchip/7.0/toolchain/avr8/avr8-gnu-toolchain/bin/../lib/gcc/avr/5.4.0/avr5\libgcc.a(_umulhisi3.o)
 .text.libgcc.fmul
                0x00000000        0x0 e:/microchip/7.0/toolchain/avr8/avr8-gnu-toolchain/bin/../lib/gcc/avr/5.4.0/avr5\libgcc.a(_umulhisi3.o)
 .text.libgcc.fixed
                0x00000000        0x0 e:/microchip/7.0/toolchain/avr8/avr8-gnu-toolchain/bin/../lib/gcc/avr/5.4.0/avr5\libgcc.a(_umulhisi3.o)

Memory Configuration

Name             Origin             Length             Attributes
text             0x00000000         0x00008000         xr
data             0x00800060         0x00000800         rw !x
eeprom           0x00810000         0x00000400         rw !x
fuse             0x00820000         0x00000002         rw !x
lock             0x00830000         0x00000400         rw !x
signature        0x00840000         0x00000400         rw !x
user_signatures  0x00850000         0x00000400         rw !x
*default*        0x00000000         0xffffffff

Linker script and memory map

LOAD E:/Microchip/7.0/Packs/atmel/ATmega_DFP/1.7.374/gcc/dev/atmega32/avr5/crtatmega32.o
LOAD APP/Lighting_APP.o
LOAD APP/Password_APP.o
LOAD CFG/DIO_Cfg.o
LOAD HAL/BUZZER.o
LOAD HAL/KEYPAD.o
LOAD HAL/LCD.o
LOAD HAL/LED.o
LOAD HAL/MOTOR.o
LOAD HAL/Sensors.o
LOAD HAL/SEV_SEG.o
LOAD main.o
LOAD MCAL/ADC.o
LOAD MCAL/DIO.o
LOAD MCAL/EX_Interrupt.o
LOAD MCAL/Timers.o
LOAD SERVICES/Timers_Services.o
START GROUP
LOAD e:/microchip/7.0/toolchain/avr8/avr8-gnu-toolchain/bin/../lib/gcc/avr/5.4.0/../../../../avr/lib/avr5\libm.a
END GROUP
START GROUP
LOAD e:/microchip/7.0/toolchain/avr8/avr8-gnu-toolchain/bin/../lib/gcc/avr/5.4.0/avr5\libgcc.a
LOAD e:/microchip/7.0/toolchain/avr8/avr8-gnu-toolchain/bin/../lib/gcc/avr/5.4.0/../../../../avr/lib/avr5\libm.a
LOAD e:/microchip/7.0/toolchain/avr8/avr8-gnu-toolchain/bin/../lib/gcc/avr/5.4.0/../../../../avr/lib/avr5\libc.a
LOAD E:/Microchip/7.0/Packs/atmel/ATmega_DFP/1.7.374/gcc/dev/atmega32/avr5\libatmega32.a
END GROUP
                0x00000000                __TEXT_REGION_ORIGIN__ = DEFINED (__TEXT_REGION_ORIGIN__)?__TEXT_REGION_ORIGIN__:0x0
                [0x00800060]                __DATA_REGION_ORIGIN__ = DEFINED (__DATA_REGION_ORIGIN__)?__DATA_REGION_ORIGIN__:0x800060
                [0x00008000]                __TEXT_REGION_LENGTH__ = DEFINED (__TEXT_REGION_LENGTH__)?__TEXT_REGION_LENGTH__:0x20000
                [0x00000800]                __DATA_REGION_LENGTH__ = DEFINED (__DATA_REGION_LENGTH__)?__DATA_REGION_LENGTH__:0xffa0
                [0x00000400]                __EEPROM_REGION_LENGTH__ = DEFINED (__EEPROM_REGION_LENGTH__)?__EEPROM_REGION_LENGTH__:0x10000
                [0x00000002]                __FUSE_REGION_LENGTH__ = DEFINED (__FUSE_REGION_LENGTH__)?__FUSE_REGION_LENGTH__:0x400
                0x00000400                __LOCK_REGION_LENGTH__ = DEFINED (__LOCK_REGION_LENGTH__)?__LOCK_REGION_LENGTH__:0x400
                0x00000400                __SIGNATURE_REGION_LENGTH__ = DEFINED (__SIGNATURE_REGION_LENGTH__)?__SIGNATURE_REGION_LENGTH__:0x400
                0x00000400                __USER_SIGNATURE_REGION_LENGTH__ = DEFINED (__USER_SIGNATURE_REGION_LENGTH__)?__USER_SIGNATURE_REGION_LENGTH__:0x400

.hash
 *(.hash)

.dynsym
 *(.dynsym)

.dynstr
 *(.dynstr)

.gnu.version
 *(.gnu.version)

.gnu.version_d
 *(.gnu.version_d)

.gnu.version_r
 *(.gnu.version_r)

.rel.init
 *(.rel.init)

.rela.init
 *(.rela.init)

.rel.text
 *(.rel.text)
 *(.rel.text.*)
 *(.rel.gnu.linkonce.t*)

.rela.text
 *(.rela.text)
 *(.rela.text.*)
 *(.rela.gnu.linkonce.t*)

.rel.fini
 *(.rel.fini)

.rela.fini
 *(.rela.fini)

.rel.rodata
 *(.rel.rodata)
 *(.rel.rodata.*)
 *(.rel.gnu.linkonce.r*)

.rela.rodata
 *(.rela.rodata)
 *(.rela.rodata.*)
 *(.rela.gnu.linkonce.r*)

.rel.data
 *(.rel.data)
 *(.rel.data.*)
 *(.rel.gnu.linkonce.d*)

.rela.data
 *(.rela.data)
 *(.rela.data.*)
 *(.rela.gnu.linkonce.d*)

.rel.ctors
 *(.rel.ctors)

.rela.ctors
 *(.rela.ctors)

.rel.dtors
 *(.rel.dtors)

.rela.dtors
 *(.rela.dtors)

.rel.got
 *(.rel.got)

.rela.got
 *(.rela.got)

.rel.bss
 *(.rel.bss)

.rela.bss
 *(.rela.bss)

.rel.plt
 *(.rel.plt)

.rela.plt
 *(.rela.plt)

.text           0x00000000     0x128c
 *(.vectors)
 .vectors       0x00000000       0x54 E:/Microchip/7.0/Packs/atmel/ATmega_DFP/1.7.374/gcc/dev/atmega32/avr5/crtatmega32.o
                0x00000000                __vector_default
                0x00000000                __vectors
 *(.vectors)
 *(.progmem.gcc*)
                0x00000054                . = ALIGN (0x2)
                0x00000054                __trampolines_start = .
 *(.trampolines)
 .trampolines   0x00000054        0x0 linker stubs
 *(.trampolines*)
                0x00000054                __trampolines_end = .
 *libprintf_flt.a:*(.progmem.data)
 *libc.a:*(.progmem.data)
 *(.progmem*)
                0x00000054                . = ALIGN (0x2)
 *(.jumptables)
 *(.jumptables*)
 *(.lowtext)
 *(.lowtext*)
                0x00000054                __ctors_start = .
 *(.ctors)
                0x00000054                __ctors_end = .
                0x00000054                __dtors_start = .
 *(.dtors)
                0x00000054                __dtors_end = .
 SORT(*)(.ctors)
 SORT(*)(.dtors)
 *(.init0)
 .init0         0x00000054        0x0 E:/Microchip/7.0/Packs/atmel/ATmega_DFP/1.7.374/gcc/dev/atmega32/avr5/crtatmega32.o
                0x00000054                __init
 *(.init0)
 *(.init1)
 *(.init1)
 *(.init2)
 .init2         0x00000054        0xc E:/Microchip/7.0/Packs/atmel/ATmega_DFP/1.7.374/gcc/dev/atmega32/avr5/crtatmega32.o
 *(.init2)
 *(.init3)
 *(.init3)
 *(.init4)
 .init4         0x00000060       0x16 e:/microchip/7.0/toolchain/avr8/avr8-gnu-toolchain/bin/../lib/gcc/avr/5.4.0/avr5\libgcc.a(_copy_data.o)
                0x00000060                __do_copy_data
 .init4         0x00000076       0x10 e:/microchip/7.0/toolchain/avr8/avr8-gnu-toolchain/bin/../lib/gcc/avr/5.4.0/avr5\libgcc.a(_clear_bss.o)
                0x00000076                __do_clear_bss
 *(.init4)
 *(.init5)
 *(.init5)
 *(.init6)
 *(.init6)
 *(.init7)
 *(.init7)
 *(.init8)
 *(.init8)
 *(.init9)
 .init9         0x00000086        0x8 E:/Microchip/7.0/Packs/atmel/ATmega_DFP/1.7.374/gcc/dev/atmega32/avr5/crtatmega32.o
 *(.init9)
 *(.text)
 .text          0x0000008e        0x4 E:/Microchip/7.0/Packs/atmel/ATmega_DFP/1.7.374/gcc/dev/atmega32/avr5/crtatmega32.o
                0x0000008e                __vector_12
                0x0000008e                __bad_interrupt
                0x0000008e                __vector_11
                0x0000008e                __vector_13
                0x0000008e                __vector_17
                0x0000008e                __vector_19
                0x0000008e                __vector_15
                0x0000008e                __vector_14
                0x0000008e                __vector_10
                0x0000008e                __vector_16
                0x0000008e                __vector_18
                0x0000008e                __vector_20
                0x00000092                . = ALIGN (0x2)
 *(.text.*)
 .text.seconds  0x00000092       0x28 APP/Lighting_APP.o
                0x00000092                seconds
 .text.Lighting_Init
                0x000000ba       0x22 APP/Lighting_APP.o
                0x000000ba                Lighting_Init
 .text.measure_time
                0x000000dc       0x16 APP/Lighting_APP.o
                0x000000dc                measure_time
 .text.Back_Light_Check
                0x000000f2       0x9e APP/Lighting_APP.o
                0x000000f2                Back_Light_Check
 .text.FRONT_Light_Check
                0x00000190       0x96 APP/Lighting_APP.o
                0x00000190                FRONT_Light_Check
 .text.LEFT_Light_Check
                0x00000226       0x98 APP/Lighting_APP.o
                0x00000226                LEFT_Light_Check
 .text.RIGHT_Light_Check
                0x000002be       0x98 APP/Lighting_APP.o
                0x000002be                RIGHT_Light_Check
 .text.Main_Menu
                0x00000356       0x46 APP/Lighting_APP.o
                0x00000356                Main_Menu
 .text.Start_Lighting
                0x0000039c       0xb8 APP/Lighting_APP.o
                0x0000039c                Start_Lighting
 .text.Welcome_message
                0x00000454       0x16 APP/Password_APP.o
                0x00000454                Welcome_message
 .text.Take_Password
                0x0000046a       0x6a APP/Password_APP.o
                0x0000046a                Take_Password
 .text.Check_Password
                0x000004d4       0xb8 APP/Password_APP.o
                0x000004d4                Check_Password
 .text.Ignite_Motor
                0x0000058c       0x24 APP/Password_APP.o
                0x0000058c                Ignite_Motor
 .text.KEYPAD_Init
                0x000005b0       0x22 HAL/KEYPAD.o
                0x000005b0                KEYPAD_Init
 .text.KEYPAD_GetKey
                0x000005d2       0x78 HAL/KEYPAD.o
                0x000005d2                KEYPAD_GetKey
 .text.WriteIns
                0x0000064a       0xc0 HAL/LCD.o
 .text.WriteData
                0x0000070a       0xc0 HAL/LCD.o
 .text.LCD_Init
                0x000007ca       0x3e HAL/LCD.o
                0x000007ca                LCD_Init
 .text.LCD_WriteChar
                0x00000808        0x6 HAL/LCD.o
                0x00000808                LCD_WriteChar
 .text.LCD_WriteString
                0x0000080e       0x26 HAL/LCD.o
                0x0000080e                LCD_WriteString
 .text.LCD_SetCursor
                0x00000834       0x1c HAL/LCD.o
                0x00000834                LCD_SetCursor
 .text.LCD_Clear
                0x00000850       0x14 HAL/LCD.o
                0x00000850                LCD_Clear
 .text.LED_ON   0x00000864        0x8 HAL/LED.o
                0x00000864                LED_ON
 .text.LED_OFF  0x0000086c        0x8 HAL/LED.o
                0x0000086c                LED_OFF
 .text.Motor_Clock
                0x00000874       0x14 HAL/MOTOR.o
                0x00000874                Motor_Clock
 .text.Menu_Back
                0x00000888        0x8 main.o
                0x00000888                Menu_Back
 .text.main     0x00000890       0xc4 main.o
                0x00000890                main
 .text.DIO_InitPin
                0x00000954      0x1fa MCAL/DIO.o
 .text.DIO_Init
                0x00000b4e       0x20 MCAL/DIO.o
                0x00000b4e                DIO_Init
 .text.DIO_WritePin
                0x00000b6e      0x10e MCAL/DIO.o
                0x00000b6e                DIO_WritePin
 .text.DIO_ReadPin
                0x00000c7c       0x70 MCAL/DIO.o
                0x00000c7c                DIO_ReadPin
 .text.DIO_TogglePin
                0x00000cec       0x82 MCAL/DIO.o
                0x00000cec                DIO_TogglePin
 .text.EXI_Enable
                0x00000d6e       0x24 MCAL/EX_Interrupt.o
                0x00000d6e                EXI_Enable
 .text.EXI_TriggerEdge
                0x00000d92       0xc0 MCAL/EX_Interrupt.o
                0x00000d92                EXI_TriggerEdge
 .text.EXI_SetCallBack
                0x00000e52       0x2a MCAL/EX_Interrupt.o
                0x00000e52                EXI_SetCallBack
 .text.__vector_1
                0x00000e7c       0x52 MCAL/EX_Interrupt.o
                0x00000e7c                __vector_1
 .text.__vector_2
                0x00000ece       0x52 MCAL/EX_Interrupt.o
                0x00000ece                __vector_2
 .text.__vector_3
                0x00000f20       0x52 MCAL/EX_Interrupt.o
                0x00000f20                __vector_3
 .text.Timer1_Init
                0x00000f72       0xa8 MCAL/Timers.o
                0x00000f72                Timer1_Init
 .text.Timer1_OCA_InterruptEnable
                0x0000101a        0x8 MCAL/Timers.o
                0x0000101a                Timer1_OCA_InterruptEnable
 .text.Timer1_OCA_SetCallBack
                0x00001022        0xa MCAL/Timers.o
                0x00001022                Timer1_OCA_SetCallBack
 .text.__vector_9
                0x0000102c       0x52 MCAL/Timers.o
                0x0000102c                __vector_9
 .text.__vector_7
                0x0000107e       0x52 MCAL/Timers.o
                0x0000107e                __vector_7
 .text.__vector_8
                0x000010d0       0x52 MCAL/Timers.o
                0x000010d0                __vector_8
 .text.__vector_6
                0x00001122       0x52 MCAL/Timers.o
                0x00001122                __vector_6
 .text.__vector_5
                0x00001174       0x52 MCAL/Timers.o
                0x00001174                __vector_5
 .text.__vector_4
                0x000011c6       0x52 MCAL/Timers.o
                0x000011c6                __vector_4
 .text.Timer1_Count_1ms
                0x00001218       0x26 SERVICES/Timers_Services.o
                0x00001218                Timer1_Count_1ms
 .text.Timer1_reset
                0x0000123e        0x6 SERVICES/Timers_Services.o
                0x0000123e                Timer1_reset
 .text.libgcc.div
                0x00001244       0x44 e:/microchip/7.0/toolchain/avr8/avr8-gnu-toolchain/bin/../lib/gcc/avr/5.4.0/avr5\libgcc.a(_udivmodsi4.o)
                0x00001244                __udivmodsi4
                0x00001288                . = ALIGN (0x2)
 *(.fini9)
 .fini9         0x00001288        0x0 e:/microchip/7.0/toolchain/avr8/avr8-gnu-toolchain/bin/../lib/gcc/avr/5.4.0/avr5\libgcc.a(_exit.o)
                0x00001288                _exit
                0x00001288                exit
 *(.fini9)
 *(.fini8)
 *(.fini8)
 *(.fini7)
 *(.fini7)
 *(.fini6)
 *(.fini6)
 *(.fini5)
 *(.fini5)
 *(.fini4)
 *(.fini4)
 *(.fini3)
 *(.fini3)
 *(.fini2)
 *(.fini2)
 *(.fini1)
 *(.fini1)
 *(.fini0)
 .fini0         0x00001288        0x4 e:/microchip/7.0/toolchain/avr8/avr8-gnu-toolchain/bin/../lib/gcc/avr/5.4.0/avr5\libgcc.a(_exit.o)
 *(.fini0)
                0x0000128c                _etext = .

.data           0x00800060       0xa8 load address 0x0000128c
                0x00800060                PROVIDE (__data_start, .)
 *(.data)
 *(.data*)
 .data.Back_buttons_state
                0x00800060        0x1 APP/Lighting_APP.o
                0x00800060                Back_buttons_state
 .data.password
                0x00800061        0x3 APP/Password_APP.o
 .data.state    0x00800064        0x1 main.o
                0x00800064                state
 *(.gnu.linkonce.d*)
 *(.rodata)
 *(.rodata*)
 .rodata.str1.1
                0x00800065       0x21 APP/Lighting_APP.o
 .rodata.str1.1
                0x00800086       0x2f APP/Password_APP.o
 .rodata.PinsStatusArray
                0x008000b5       0x20 CFG/DIO_Cfg.o
                0x008000b5                PinsStatusArray
 .rodata.KeysArray
                0x008000d5        0xc HAL/KEYPAD.o
                0x008000d5                KeysArray
 .rodata.str1.1
                0x008000e1       0x26 main.o
 *(.gnu.linkonce.r*)
                0x00800108                . = ALIGN (0x2)
 *fill*         0x00800107        0x1 
                0x00800108                _edata = .
                0x00800108                PROVIDE (__data_end, .)

.bss            0x00800108       0x1a
                0x00800108                PROVIDE (__bss_start, .)
 *(.bss)
 *(.bss*)
 .bss.right_light_state
                0x00800108        0x1 APP/Lighting_APP.o
                0x00800108                right_light_state
 .bss.left_light_state
                0x00800109        0x1 APP/Lighting_APP.o
                0x00800109                left_light_state
 .bss.front_light_state
                0x0080010a        0x1 APP/Lighting_APP.o
                0x0080010a                front_light_state
 .bss.back_light_state
                0x0080010b        0x1 APP/Lighting_APP.o
                0x0080010b                back_light_state
 .bss.INT2_Fptr
                0x0080010c        0x2 MCAL/EX_Interrupt.o
 .bss.INT1_Fptr
                0x0080010e        0x2 MCAL/EX_Interrupt.o
 .bss.INT0_Fptr
                0x00800110        0x2 MCAL/EX_Interrupt.o
 .bss.Timer2_OC_Fptr
                0x00800112        0x2 MCAL/Timers.o
 .bss.Timer2_OVF_Fptr
                0x00800114        0x2 MCAL/Timers.o
 .bss.Timer1_ICU_Fptr
                0x00800116        0x2 MCAL/Timers.o
 .bss.Timer1_OCB_Fptr
                0x00800118        0x2 MCAL/Timers.o
 .bss.Timer1_OCA_Fptr
                0x0080011a        0x2 MCAL/Timers.o
 .bss.Timer1_OVF_Fptr
                0x0080011c        0x2 MCAL/Timers.o
 *(COMMON)
 COMMON         0x0080011e        0x4 APP/Lighting_APP.o
                0x0080011e                time_in_seconds
                0x00800122                PROVIDE (__bss_end, .)
                0x0000128c                __data_load_start = LOADADDR (.data)
                0x00001334                __data_load_end = (__data_load_start + SIZEOF (.data))

.noinit         0x00800122        0x0
                [!provide]                PROVIDE (__noinit_start, .)
 *(.noinit*)
                [!provide]                PROVIDE (__noinit_end, .)
                0x00800122                _end = .
                [!provide]                PROVIDE (__heap_start, .)

.eeprom         0x00810000        0x0
 *(.eeprom*)
                0x00810000                __eeprom_end = .

.fuse
 *(.fuse)
 *(.lfuse)
 *(.hfuse)
 *(.efuse)

.lock
 *(.lock*)

.signature
 *(.signature*)

.user_signatures
 *(.user_signatures*)

.stab
 *(.stab)

.stabstr
 *(.stabstr)

.stab.excl
 *(.stab.excl)

.stab.exclstr
 *(.stab.exclstr)

.stab.index
 *(.stab.index)

.stab.indexstr
 *(.stab.indexstr)

.comment        0x00000000       0x30
 *(.comment)
 .comment       0x00000000       0x30 APP/Lighting_APP.o
                                 0x31 (size before relaxing)
 .comment       0x00000030       0x31 APP/Password_APP.o
 .comment       0x00000030       0x31 CFG/DIO_Cfg.o
 .comment       0x00000030       0x31 HAL/KEYPAD.o
 .comment       0x00000030       0x31 HAL/LCD.o
 .comment       0x00000030       0x31 HAL/LED.o
 .comment       0x00000030       0x31 HAL/MOTOR.o
 .comment       0x00000030       0x31 main.o
 .comment       0x00000030       0x31 MCAL/DIO.o
 .comment       0x00000030       0x31 MCAL/EX_Interrupt.o
 .comment       0x00000030       0x31 MCAL/Timers.o
 .comment       0x00000030       0x31 SERVICES/Timers_Services.o

.note.gnu.avr.deviceinfo
                0x00000000       0x3c
 .note.gnu.avr.deviceinfo
                0x00000000       0x3c E:/Microchip/7.0/Packs/atmel/ATmega_DFP/1.7.374/gcc/dev/atmega32/avr5/crtatmega32.o

.note.gnu.build-id
 *(.note.gnu.build-id)

.debug
 *(.debug)

.line
 *(.line)

.debug_srcinfo
 *(.debug_srcinfo)

.debug_sfnames
 *(.debug_sfnames)

.debug_aranges  0x00000000      0x460
 *(.debug_aranges)
 .debug_aranges
                0x00000000       0x60 APP/Lighting_APP.o
 .debug_aranges
                0x00000060       0x40 APP/Password_APP.o
 .debug_aranges
                0x000000a0       0x18 CFG/DIO_Cfg.o
 .debug_aranges
                0x000000b8       0x28 HAL/KEYPAD.o
 .debug_aranges
                0x000000e0       0x80 HAL/LCD.o
 .debug_aranges
                0x00000160       0x50 HAL/LED.o
 .debug_aranges
                0x000001b0       0x30 HAL/MOTOR.o
 .debug_aranges
                0x000001e0       0x28 main.o
 .debug_aranges
                0x00000208       0x58 MCAL/DIO.o
 .debug_aranges
                0x00000260       0x58 MCAL/EX_Interrupt.o
 .debug_aranges
                0x000002b8      0x148 MCAL/Timers.o
 .debug_aranges
                0x00000400       0x60 SERVICES/Timers_Services.o

.debug_pubnames
 *(.debug_pubnames)

.debug_info     0x00000000     0x3c63
 *(.debug_info .gnu.linkonce.wi.*)
 .debug_info    0x00000000      0x4e6 E:/Microchip/7.0/Packs/atmel/ATmega_DFP/1.7.374/gcc/dev/atmega32/avr5/crtatmega32.o
 .debug_info    0x000004e6      0x751 APP/Lighting_APP.o
 .debug_info    0x00000c37      0x4ee APP/Password_APP.o
 .debug_info    0x00001125      0x178 CFG/DIO_Cfg.o
 .debug_info    0x0000129d      0x2b2 HAL/KEYPAD.o
 .debug_info    0x0000154f      0xb32 HAL/LCD.o
 .debug_info    0x00002081      0x41c HAL/LED.o
 .debug_info    0x0000249d      0x258 HAL/MOTOR.o
 .debug_info    0x000026f5      0x398 main.o
 .debug_info    0x00002a8d      0x42f MCAL/DIO.o
 .debug_info    0x00002ebc      0x24f MCAL/EX_Interrupt.o
 .debug_info    0x0000310b      0x7a7 MCAL/Timers.o
 .debug_info    0x000038b2      0x3b1 SERVICES/Timers_Services.o

.debug_abbrev   0x00000000     0x125e
 *(.debug_abbrev)
 .debug_abbrev  0x00000000      0x4a3 E:/Microchip/7.0/Packs/atmel/ATmega_DFP/1.7.374/gcc/dev/atmega32/avr5/crtatmega32.o
 .debug_abbrev  0x000004a3      0x116 APP/Lighting_APP.o
 .debug_abbrev  0x000005b9      0x1aa APP/Password_APP.o
 .debug_abbrev  0x00000763       0x6a CFG/DIO_Cfg.o
 .debug_abbrev  0x000007cd       0xf4 HAL/KEYPAD.o
 .debug_abbrev  0x000008c1      0x1be HAL/LCD.o
 .debug_abbrev  0x00000a7f       0xfc HAL/LED.o
 .debug_abbrev  0x00000b7b       0xa1 HAL/MOTOR.o
 .debug_abbrev  0x00000c1c       0xfc main.o
 .debug_abbrev  0x00000d18      0x1b5 MCAL/DIO.o
 .debug_abbrev  0x00000ecd       0xd9 MCAL/EX_Interrupt.o
 .debug_abbrev  0x00000fa6      0x142 MCAL/Timers.o
 .debug_abbrev  0x000010e8      0x176 SERVICES/Timers_Services.o

.debug_line     0x00000000     0x2160
 *(.debug_line .debug_line.* .debug_line_end)
 .debug_line    0x00000000      0x116 E:/Microchip/7.0/Packs/atmel/ATmega_DFP/1.7.374/gcc/dev/atmega32/avr5/crtatmega32.o
 .debug_line    0x00000116      0x418 APP/Lighting_APP.o
 .debug_line    0x0000052e      0x340 APP/Password_APP.o
 .debug_line    0x0000086e       0x49 CFG/DIO_Cfg.o
 .debug_line    0x000008b7      0x112 HAL/KEYPAD.o
 .debug_line    0x000009c9      0x484 HAL/LCD.o
 .debug_line    0x00000e4d      0x1b6 HAL/LED.o
 .debug_line    0x00001003       0xb8 HAL/MOTOR.o
 .debug_line    0x000010bb      0x195 main.o
 .debug_line    0x00001250      0x490 MCAL/DIO.o
 .debug_line    0x000016e0      0x244 MCAL/EX_Interrupt.o
 .debug_line    0x00001924      0x630 MCAL/Timers.o
 .debug_line    0x00001f54      0x20c SERVICES/Timers_Services.o

.debug_frame    0x00000000      0xb2c
 *(.debug_frame)
 .debug_frame   0x00000000       0xa4 APP/Lighting_APP.o
 .debug_frame   0x000000a4       0xb4 APP/Password_APP.o
 .debug_frame   0x00000158       0x50 HAL/KEYPAD.o
 .debug_frame   0x000001a8      0x164 HAL/LCD.o
 .debug_frame   0x0000030c       0xac HAL/LED.o
 .debug_frame   0x000003b8       0x44 HAL/MOTOR.o
 .debug_frame   0x000003fc       0x34 main.o
 .debug_frame   0x00000430       0x9c MCAL/DIO.o
 .debug_frame   0x000004cc      0x16c MCAL/EX_Interrupt.o
 .debug_frame   0x00000638      0x424 MCAL/Timers.o
 .debug_frame   0x00000a5c       0xd0 SERVICES/Timers_Services.o

.debug_str      0x00000000     0x13ed
 *(.debug_str)
 .debug_str     0x00000000      0x196 E:/Microchip/7.0/Packs/atmel/ATmega_DFP/1.7.374/gcc/dev/atmega32/avr5/crtatmega32.o
 .debug_str     0x00000196      0x57e APP/Lighting_APP.o
                                0x5ba (size before relaxing)
 .debug_str     0x00000714       0xe1 APP/Password_APP.o
                                0x30a (size before relaxing)
 .debug_str     0x000007f5       0x49 CFG/DIO_Cfg.o
                                0x253 (size before relaxing)
 .debug_str     0x0000083e       0x33 HAL/KEYPAD.o
                                0x25c (size before relaxing)
 .debug_str     0x00000871       0x9d HAL/LCD.o
                                0x36c (size before relaxing)
 .debug_str     0x0000090e       0xe4 HAL/LED.o
                                0x306 (size before relaxing)
 .debug_str     0x000009f2       0x55 HAL/MOTOR.o
                                0x27e (size before relaxing)
 .debug_str     0x00000a47       0x34 main.o
                                0x36d (size before relaxing)
 .debug_str     0x00000a7b       0x8a MCAL/DIO.o
                                0x30e (size before relaxing)
 .debug_str     0x00000b05       0xa6 MCAL/EX_Interrupt.o
                                0x258 (size before relaxing)
 .debug_str     0x00000bab      0x77c MCAL/Timers.o
                                0x8c6 (size before relaxing)
 .debug_str     0x00001327       0xc6 SERVICES/Timers_Services.o
                                0x375 (size before relaxing)

.debug_loc      0x00000000     0x27a0
 *(.debug_loc)
 .debug_loc     0x00000000       0x55 APP/Lighting_APP.o
 .debug_loc     0x00000055      0x375 APP/Password_APP.o
 .debug_loc     0x000003ca       0xbf HAL/KEYPAD.o
 .debug_loc     0x00000489      0x838 HAL/LCD.o
 .debug_loc     0x00000cc1      0x21e HAL/LED.o
 .debug_loc     0x00000edf      0x9d5 MCAL/DIO.o
 .debug_loc     0x000018b4      0x422 MCAL/EX_Interrupt.o
 .debug_loc     0x00001cd6      0x86c MCAL/Timers.o
 .debug_loc     0x00002542      0x25e SERVICES/Timers_Services.o

.debug_macinfo
 *(.debug_macinfo)

.debug_weaknames
 *(.debug_weaknames)

.debug_funcnames
 *(.debug_funcnames)

.debug_typenames
 *(.debug_typenames)

.debug_varnames
 *(.debug_varnames)

.debug_pubtypes
 *(.debug_pubtypes)

.debug_ranges   0x00000000      0x3c8
 *(.debug_ranges)
 .debug_ranges  0x00000000       0x50 APP/Lighting_APP.o
 .debug_ranges  0x00000050       0x60 APP/Password_APP.o
 .debug_ranges  0x000000b0       0x18 HAL/KEYPAD.o
 .debug_ranges  0x000000c8       0x70 HAL/LCD.o
 .debug_ranges  0x00000138       0x40 HAL/LED.o
 .debug_ranges  0x00000178       0x20 HAL/MOTOR.o
 .debug_ranges  0x00000198       0x18 main.o
 .debug_ranges  0x000001b0       0x48 MCAL/DIO.o
 .debug_ranges  0x000001f8       0x48 MCAL/EX_Interrupt.o
 .debug_ranges  0x00000240      0x138 MCAL/Timers.o
 .debug_ranges  0x00000378       0x50 SERVICES/Timers_Services.o

.debug_macro
 *(.debug_macro)
OUTPUT(Visibility_Project.elf elf32-avr)
LOAD linker stubs
